exports[`Add Adds two numbers correctly 1`] = `5`;
